export const snapshot = {};

snapshot[`resolveRuntime() > should resolve the runtime for bun 1`] = `
{
  inspect: [Function: inspect],
  isPiping: false,
  stdin: ReadableStream {
    locked: false,
  },
  stdout: WritableStream {
    locked: false,
  },
  waitFirstSigint: [Function: waitFirstSigint],
}
`;

snapshot[`resolveRuntime() > should resolve the runtime for deno 1`] = `
{
  inspect: [Function: inspect],
  isPiping: false,
  stdin: ReadableStream {
    locked: false,
  },
  stdout: WritableStream {
    locked: false,
  },
  waitFirstSigint: [Function: waitFirstSigint],
}
`;

snapshot[`resolveRuntime() > should resolve the runtime for node 1`] = `
{
  inspect: [Function: inspect],
  isPiping: false,
  stdin: ReadableStream {
    locked: false,
  },
  stdout: WritableStream {
    locked: false,
  },
  waitFirstSigint: [Function: waitFirstSigint],
}
`;
